2026-04-16 02:23:05,676 - ================================================================================
2026-04-16 02:23:05,676 - APAU-Net Hyperparameter Optimization
2026-04-16 02:23:05,676 - ================================================================================
2026-04-16 02:23:07,283 - Device: cuda
2026-04-16 02:23:08,093 - Loading dataset...
2026-04-16 02:23:08,213 - 
Testing threshold and min_area combinations...
2026-04-16 02:23:08,966 - Threshold=0.65, Min_area= 25 | F1=0.0194, Prec=0.0547, Rec=0.0118
2026-04-16 02:23:09,346 - Threshold=0.65, Min_area= 50 | F1=0.0019, Prec=0.0065, Rec=0.0011
2026-04-16 02:23:09,721 - Threshold=0.65, Min_area= 75 | F1=0.0019, Prec=0.0069, Rec=0.0011
2026-04-16 02:23:10,095 - Threshold=0.65, Min_area=100 | F1=0.0019, Prec=0.0069, Rec=0.0011
2026-04-16 02:23:10,467 - Threshold=0.65, Min_area=150 | F1=0.0019, Prec=0.0069, Rec=0.0011
2026-04-16 02:23:10,849 - Threshold=0.65, Min_area=200 | F1=0.0020, Prec=0.0105, Rec=0.0011
2026-04-16 02:23:11,239 - Threshold=0.65, Min_area=250 | F1=0.0000, Prec=0.0000, Rec=0.0000
2026-04-16 02:23:11,623 - Threshold=0.70, Min_area= 25 | F1=0.0057, Prec=0.0456, Rec=0.0030
2026-04-16 02:23:12,005 - Threshold=0.70, Min_area= 50 | F1=0.0018, Prec=0.0214, Rec=0.0010
2026-04-16 02:23:12,381 - Threshold=0.70, Min_area= 75 | F1=0.0018, Prec=0.0214, Rec=0.0010
2026-04-16 02:23:12,758 - Threshold=0.70, Min_area=100 | F1=0.0018, Prec=0.0296, Rec=0.0010
2026-04-16 02:23:13,128 - Threshold=0.70, Min_area=150 | F1=0.0018, Prec=0.0296, Rec=0.0010
2026-04-16 02:23:13,504 - Threshold=0.70, Min_area=200 | F1=0.0018, Prec=0.0296, Rec=0.0010
2026-04-16 02:23:13,886 - Threshold=0.70, Min_area=250 | F1=0.0000, Prec=0.0000, Rec=0.0000
2026-04-16 02:23:14,261 - Threshold=0.75, Min_area= 25 | F1=0.0009, Prec=0.0149, Rec=0.0005
2026-04-16 02:23:14,631 - Threshold=0.75, Min_area= 50 | F1=0.0009, Prec=0.0176, Rec=0.0005
2026-04-16 02:23:15,010 - Threshold=0.75, Min_area= 75 | F1=0.0009, Prec=0.0176, Rec=0.0005
2026-04-16 02:23:15,416 - Threshold=0.75, Min_area=100 | F1=0.0009, Prec=0.0176, Rec=0.0005
2026-04-16 02:23:15,810 - Threshold=0.75, Min_area=150 | F1=0.0009, Prec=0.0176, Rec=0.0005
2026-04-16 02:23:16,190 - Threshold=0.75, Min_area=200 | F1=0.0000, Prec=0.0000, Rec=0.0000
2026-04-16 02:23:16,582 - Threshold=0.75, Min_area=250 | F1=0.0000, Prec=0.0000, Rec=0.0000
2026-04-16 02:23:16,964 - Threshold=0.80, Min_area= 25 | F1=0.0000, Prec=0.0000, Rec=0.0000
2026-04-16 02:23:17,335 - Threshold=0.80, Min_area= 50 | F1=0.0000, Prec=0.0000, Rec=0.0000
2026-04-16 02:23:17,719 - Threshold=0.80, Min_area= 75 | F1=0.0000, Prec=0.0000, Rec=0.0000
2026-04-16 02:23:18,098 - Threshold=0.80, Min_area=100 | F1=0.0000, Prec=0.0000, Rec=0.0000
2026-04-16 02:23:18,475 - Threshold=0.80, Min_area=150 | F1=0.0000, Prec=0.0000, Rec=0.0000
2026-04-16 02:23:18,860 - Threshold=0.80, Min_area=200 | F1=0.0000, Prec=0.0000, Rec=0.0000
2026-04-16 02:23:19,249 - Threshold=0.80, Min_area=250 | F1=0.0000, Prec=0.0000, Rec=0.0000
2026-04-16 02:23:19,639 - Threshold=0.85, Min_area= 25 | F1=0.0000, Prec=0.0000, Rec=0.0000
2026-04-16 02:23:20,030 - Threshold=0.85, Min_area= 50 | F1=0.0000, Prec=0.0000, Rec=0.0000
2026-04-16 02:23:20,421 - Threshold=0.85, Min_area= 75 | F1=0.0000, Prec=0.0000, Rec=0.0000
2026-04-16 02:23:20,810 - Threshold=0.85, Min_area=100 | F1=0.0000, Prec=0.0000, Rec=0.0000
2026-04-16 02:23:21,189 - Threshold=0.85, Min_area=150 | F1=0.0000, Prec=0.0000, Rec=0.0000
2026-04-16 02:23:21,571 - Threshold=0.85, Min_area=200 | F1=0.0000, Prec=0.0000, Rec=0.0000
2026-04-16 02:23:21,957 - Threshold=0.85, Min_area=250 | F1=0.0000, Prec=0.0000, Rec=0.0000
2026-04-16 02:23:22,339 - Threshold=0.90, Min_area= 25 | F1=0.0000, Prec=0.0000, Rec=0.0000
2026-04-16 02:23:22,722 - Threshold=0.90, Min_area= 50 | F1=0.0000, Prec=0.0000, Rec=0.0000
2026-04-16 02:23:23,103 - Threshold=0.90, Min_area= 75 | F1=0.0000, Prec=0.0000, Rec=0.0000
2026-04-16 02:23:23,481 - Threshold=0.90, Min_area=100 | F1=0.0000, Prec=0.0000, Rec=0.0000
2026-04-16 02:23:23,874 - Threshold=0.90, Min_area=150 | F1=0.0000, Prec=0.0000, Rec=0.0000
2026-04-16 02:23:24,273 - Threshold=0.90, Min_area=200 | F1=0.0000, Prec=0.0000, Rec=0.0000
2026-04-16 02:23:24,667 - Threshold=0.90, Min_area=250 | F1=0.0000, Prec=0.0000, Rec=0.0000
2026-04-16 02:23:25,050 - Threshold=0.95, Min_area= 25 | F1=0.0000, Prec=0.0000, Rec=0.0000
2026-04-16 02:23:25,432 - Threshold=0.95, Min_area= 50 | F1=0.0000, Prec=0.0000, Rec=0.0000
2026-04-16 02:23:25,820 - Threshold=0.95, Min_area= 75 | F1=0.0000, Prec=0.0000, Rec=0.0000
2026-04-16 02:23:26,200 - Threshold=0.95, Min_area=100 | F1=0.0000, Prec=0.0000, Rec=0.0000
2026-04-16 02:23:26,584 - Threshold=0.95, Min_area=150 | F1=0.0000, Prec=0.0000, Rec=0.0000
2026-04-16 02:23:26,963 - Threshold=0.95, Min_area=200 | F1=0.0000, Prec=0.0000, Rec=0.0000
2026-04-16 02:23:27,340 - Threshold=0.95, Min_area=250 | F1=0.0000, Prec=0.0000, Rec=0.0000
2026-04-16 02:23:27,341 - 
================================================================================
2026-04-16 02:23:27,343 - Phase 1 Complete
2026-04-16 02:23:27,343 - ================================================================================
2026-04-16 02:23:27,343 - Best result:
2026-04-16 02:23:27,343 -   Threshold=0.65, Min_area=25
2026-04-16 02:23:27,343 -   F1=0.0194, Precision=0.0547, Recall=0.0118
2026-04-16 02:23:27,343 - 
Results saved to: C:\Users\Arpit\.openclaw\workspace\wildfire\wildfire-prediction\results\optimization_results_phase1.json
2026-04-16 02:23:27,343 - F1=0.0194 (target: 0.60)
2026-04-16 02:23:56,568 - ================================================================================
2026-04-16 02:23:56,568 - APAU-Net Hyperparameter Optimization (FIXED)
2026-04-16 02:23:56,568 - ================================================================================
2026-04-16 02:23:58,176 - Device: cuda
2026-04-16 02:23:59,025 - Loading dataset...
2026-04-16 02:23:59,135 - Normalizing test data using training set statistics...
2026-04-16 02:23:59,350 - Test: torch.Size([150, 12, 64, 64]), Labels: torch.Size([150, 1, 64, 64])
2026-04-16 02:23:59,351 - 
Testing threshold and min_area combinations...
2026-04-16 02:24:00,168 - Threshold=0.65, Min_area= 25 | F1=0.2438, Prec=0.1455, Rec=0.7509
2026-04-16 02:24:00,566 - Threshold=0.65, Min_area= 50 | F1=0.2444, Prec=0.1463, Rec=0.7418
2026-04-16 02:24:00,971 - Threshold=0.65, Min_area= 75 | F1=0.2451, Prec=0.1473, Rec=0.7307
2026-04-16 02:24:01,372 - Threshold=0.65, Min_area=100 | F1=0.2448, Prec=0.1474, Rec=0.7208
2026-04-16 02:24:01,775 - Threshold=0.65, Min_area=150 | F1=0.2395, Prec=0.1452, Rec=0.6837
2026-04-16 02:24:02,177 - Threshold=0.65, Min_area=200 | F1=0.2314, Prec=0.1413, Rec=0.6376
2026-04-16 02:24:02,586 - Threshold=0.65, Min_area=250 | F1=0.2294, Prec=0.1418, Rec=0.5999
2026-04-16 02:24:02,983 - Threshold=0.70, Min_area= 25 | F1=0.2917, Prec=0.1862, Rec=0.6729
2026-04-16 02:24:03,388 - Threshold=0.70, Min_area= 50 | F1=0.2887, Prec=0.1855, Rec=0.6510
2026-04-16 02:24:03,779 - Threshold=0.70, Min_area= 75 | F1=0.2885, Prec=0.1863, Rec=0.6394
2026-04-16 02:24:04,170 - Threshold=0.70, Min_area=100 | F1=0.2803, Prec=0.1818, Rec=0.6115
2026-04-16 02:24:04,571 - Threshold=0.70, Min_area=150 | F1=0.2641, Prec=0.1750, Rec=0.5383
2026-04-16 02:24:04,963 - Threshold=0.70, Min_area=200 | F1=0.2586, Prec=0.1746, Rec=0.4987
2026-04-16 02:24:05,361 - Threshold=0.70, Min_area=250 | F1=0.2594, Prec=0.1767, Rec=0.4874
2026-04-16 02:24:05,749 - Threshold=0.75, Min_area= 25 | F1=0.3253, Prec=0.2202, Rec=0.6217
2026-04-16 02:24:06,142 - Threshold=0.75, Min_area= 50 | F1=0.3211, Prec=0.2198, Rec=0.5961
2026-04-16 02:24:06,535 - Threshold=0.75, Min_area= 75 | F1=0.3062, Prec=0.2125, Rec=0.5477
2026-04-16 02:24:06,955 - Threshold=0.75, Min_area=100 | F1=0.3039, Prec=0.2132, Rec=0.5286
2026-04-16 02:24:07,359 - Threshold=0.75, Min_area=150 | F1=0.2913, Prec=0.2082, Rec=0.4850
2026-04-16 02:24:07,763 - Threshold=0.75, Min_area=200 | F1=0.2892, Prec=0.2095, Rec=0.4668
2026-04-16 02:24:08,172 - Threshold=0.75, Min_area=250 | F1=0.2828, Prec=0.2108, Rec=0.4298
2026-04-16 02:24:08,569 - Threshold=0.80, Min_area= 25 | F1=0.3523, Prec=0.2560, Rec=0.5646
2026-04-16 02:24:08,960 - Threshold=0.80, Min_area= 50 | F1=0.3365, Prec=0.2495, Rec=0.5169
2026-04-16 02:24:09,353 - Threshold=0.80, Min_area= 75 | F1=0.3315, Prec=0.2499, Rec=0.4925
2026-04-16 02:24:09,750 - Threshold=0.80, Min_area=100 | F1=0.3268, Prec=0.2486, Rec=0.4769
2026-04-16 02:24:10,149 - Threshold=0.80, Min_area=150 | F1=0.3125, Prec=0.2434, Rec=0.4362
2026-04-16 02:24:10,544 - Threshold=0.80, Min_area=200 | F1=0.3065, Prec=0.2435, Rec=0.4135
2026-04-16 02:24:10,935 - Threshold=0.80, Min_area=250 | F1=0.3051, Prec=0.2481, Rec=0.3961
2026-04-16 02:24:11,319 - Threshold=0.85, Min_area= 25 | F1=0.3725, Prec=0.2968, Rec=0.5002
2026-04-16 02:24:11,716 - Threshold=0.85, Min_area= 50 | F1=0.3579, Prec=0.2928, Rec=0.4602
2026-04-16 02:24:12,112 - Threshold=0.85, Min_area= 75 | F1=0.3428, Prec=0.2870, Rec=0.4254
2026-04-16 02:24:12,498 - Threshold=0.85, Min_area=100 | F1=0.3228, Prec=0.2759, Rec=0.3888
2026-04-16 02:24:12,892 - Threshold=0.85, Min_area=150 | F1=0.3221, Prec=0.2789, Rec=0.3813
2026-04-16 02:24:13,282 - Threshold=0.85, Min_area=200 | F1=0.3167, Prec=0.2867, Rec=0.3536
2026-04-16 02:24:13,677 - Threshold=0.85, Min_area=250 | F1=0.3046, Prec=0.2836, Rec=0.3290
2026-04-16 02:24:14,062 - Threshold=0.90, Min_area= 25 | F1=0.3532, Prec=0.3431, Rec=0.3638
2026-04-16 02:24:14,453 - Threshold=0.90, Min_area= 50 | F1=0.3411, Prec=0.3459, Rec=0.3365
2026-04-16 02:24:14,837 - Threshold=0.90, Min_area= 75 | F1=0.3150, Prec=0.3322, Rec=0.2996
2026-04-16 02:24:15,223 - Threshold=0.90, Min_area=100 | F1=0.3025, Prec=0.3269, Rec=0.2816
2026-04-16 02:24:15,610 - Threshold=0.90, Min_area=150 | F1=0.2921, Prec=0.3364, Rec=0.2580
2026-04-16 02:24:15,998 - Threshold=0.90, Min_area=200 | F1=0.2649, Prec=0.3532, Rec=0.2119
2026-04-16 02:24:16,389 - Threshold=0.90, Min_area=250 | F1=0.2400, Prec=0.3610, Rec=0.1798
2026-04-16 02:24:16,789 - Threshold=0.95, Min_area= 25 | F1=0.2307, Prec=0.4109, Rec=0.1604
2026-04-16 02:24:17,182 - Threshold=0.95, Min_area= 50 | F1=0.1916, Prec=0.4015, Rec=0.1258
2026-04-16 02:24:17,574 - Threshold=0.95, Min_area= 75 | F1=0.1427, Prec=0.3868, Rec=0.0875
2026-04-16 02:24:17,967 - Threshold=0.95, Min_area=100 | F1=0.1018, Prec=0.4138, Rec=0.0581
2026-04-16 02:24:18,357 - Threshold=0.95, Min_area=150 | F1=0.0256, Prec=0.4392, Rec=0.0132
2026-04-16 02:24:18,739 - Threshold=0.95, Min_area=200 | F1=0.0000, Prec=0.0000, Rec=0.0000
2026-04-16 02:24:19,131 - Threshold=0.95, Min_area=250 | F1=0.0000, Prec=0.0000, Rec=0.0000
2026-04-16 02:24:19,134 - 
================================================================================
2026-04-16 02:24:19,134 - Phase 1 Complete
2026-04-16 02:24:19,134 - ================================================================================
2026-04-16 02:24:19,135 - Best result:
2026-04-16 02:24:19,135 -   Threshold=0.85, Min_area=25
2026-04-16 02:24:19,135 -   F1=0.3725, Precision=0.2968, Recall=0.5002
2026-04-16 02:24:19,135 - 
Results saved to: C:\Users\Arpit\.openclaw\workspace\wildfire\wildfire-prediction\results\optimization_results_phase1_fixed.json
2026-04-16 02:24:19,135 - F1=0.3725 (target: 0.60)
