
================================================================================
     NDWS TRAINING: WBCETverskyLoss (pos_weight=3, alpha=0.3, beta=0.7)
                           2026-04-16 20:41:00
================================================================================
Device: cuda
Dataset: NDWS filtered (fire patches only)
Loss: WBCETverskyLoss
  - pos_weight: 3
  - alpha: 0.3 (FP penalty)
  - beta: 0.7 (FN penalty)
  - w_bce: 1.0, w_tversky: 1.0
Epochs: 35 with early stopping (patience=6)
Threshold: 0.85
Post-processing: Remove small blobs (min_area=25)
================================================================================


Loading NDWS filtered dataset...
Total samples: 890
Train: 623, Val: 133, Test: 134
Batch size: 32
Train batches: 20, Val batches: 5, Test batches: 5
Input channels: 12

Initializing AttentionUNet model...
Total Parameters: 31,619,231

Loss: WBCETverskyLoss
  - pos_weight: 25.0
  - alpha: 0.3
  - beta: 0.7
Optimizer: Adam (lr=1e-4)
Scheduler: StepLR (decay=0.5 every 5 epochs)
Threshold: 0.85
Min Area: 25

Epoch    Loss         Val F1     Best F1    LR          
------------------------------------------------------------
1        1.818862     0.000000   0.000000   1.00e-04    
2        1.764188     0.000000   0.000000   1.00e-04    
3        1.692738     0.005239   0.005239   1.00e-04     *
4        1.615453     0.183248   0.183248   1.00e-04     *
5        1.561723     0.335718   0.335718   1.00e-04     *
6        1.518601     0.382596   0.382596   5.00e-05     *
7        1.486302     0.440649   0.440649   5.00e-05     *
8        1.476985     0.453457   0.453457   5.00e-05     *
9        1.435386     0.479482   0.479482   5.00e-05     *
10       1.408330     0.480295   0.480295   5.00e-05     *
11       1.377449     0.499659   0.499659   2.50e-05     *
12       1.365419     0.476791   0.499659   2.50e-05    
13       1.352490     0.490158   0.499659   2.50e-05    
14       1.339629     0.507177   0.507177   2.50e-05     *
15       1.327038     0.498940   0.507177   2.50e-05    
16       1.316803     0.507894   0.507894   1.25e-05     *
17       1.320037     0.522268   0.522268   1.25e-05     *
18       1.307770     0.520757   0.522268   1.25e-05    
19       1.296512     0.516069   0.522268   1.25e-05    
20       1.293052     0.518649   0.522268   1.25e-05    
21       1.291541     0.519434   0.522268   6.25e-06    
22       1.291683     0.528198   0.528198   6.25e-06     *
23       1.283011     0.532474   0.532474   6.25e-06     *
24       1.277294     0.537333   0.537333   6.25e-06     *
25       1.282976     0.532110   0.537333   6.25e-06    
26       1.272347     0.531264   0.537333   3.13e-06    
27       1.266636     0.536417   0.537333   3.13e-06    
28       1.275493     0.535553   0.537333   3.13e-06    
29       1.270972     0.531571   0.537333   3.13e-06    
30       1.263288     0.537460   0.537460   3.13e-06     *
31       1.277083     0.536076   0.537460   1.56e-06    
32       1.271805     0.536596   0.537460   1.56e-06    
33       1.270369     0.534661   0.537460   1.56e-06    
34       1.271464     0.537644   0.537644   1.56e-06     *
35       1.262577     0.536474   0.537644   1.56e-06    
------------------------------------------------------------

Loaded best model (F1: 0.537644)

============================================================
TEST SET EVALUATION
============================================================

Threshold: 0.85
Min Area: 25
True Positives:  3693
False Positives: 5135
False Negatives: 2427
Precision:       0.418328
Recall:          0.603431
F1 Score:        0.494113
IoU:             0.328121

Model saved to: C:\Users\Arpit\.openclaw\workspace\wildfire\wildfire-prediction\checkpoints\ndws_wbce_tversky_apau_net.pth
Results saved to: C:\Users\Arpit\.openclaw\workspace\wildfire\wildfire-prediction\results\ndws_wbce_tversky_results.json

============================================================
TRAINING COMPLETE!
============================================================
