
================================================================================
                    APAU-NET TRAINING - 25 EPOCHS OPTIMIZED
                         2026-04-16 01:45:51
================================================================================
Device: cuda
Optimization Strategy: Learning Rate Decay + Early Stopping + Threshold Sweep
================================================================================


Class Weight: 90.3296
Train batches: 22, Val batches: 5, Test batches: 5

Initializing APAU-Net model...
Total Parameters: 31,619,231

Optimizer: Adam (lr=1e-4)
Scheduler: StepLR (decay=0.5 every 5 epochs)
Loss: BCEWithLogitsLoss (pos_weight=90.3296)
Batch Size: 32
Max Epochs: 25, Early Stopping Patience: 3

Epoch    Loss         Val F1     Best F1    Best Thresh  LR          
----------------------------------------------------------------------
1        -0.613263    0.024595   0.024595   0.5000       1.00e-04    
2        -1.193463    0.193842   0.193842   0.6000       1.00e-04    
3        -2.014927    0.325219   0.325219   0.8000       1.00e-04    
4        -2.804072    0.356401   0.356401   0.8000       1.00e-04    
5        -3.302800    0.342381   0.356401   0.8000       1.00e-04    
6        -4.185644    0.382991   0.382991   0.8000       5.00e-05    
7        -4.432978    0.327358   0.382991   0.8000       5.00e-05    
8        -4.971390    0.360437   0.382991   0.8000       5.00e-05    
9        -5.637453    0.316388   0.382991   0.8000       5.00e-05    

Early stopping at epoch 9 (no improvement for 3 epochs)
----------------------------------------------------------------------

Loaded best model (F1: 0.382991)

======================================================================
THRESHOLD SWEEP ON VALIDATION SET
======================================================================
Threshold    Precision    Recall       F1           IoU         
----------------------------------------------------------------------
0.3          0.013748     0.981526     0.027116     0.013744    
0.4          0.014381     0.969930     0.028342     0.014375    
0.5          0.022761     0.898867     0.044398     0.022703    
0.6          0.105704     0.821872     0.187317     0.103337    
0.7          0.160358     0.781419     0.266106     0.153473    
0.8          0.202733     0.720065     0.316388     0.187922    
----------------------------------------------------------------------

Optimal Threshold: 0.8 (F1: 0.316388)

======================================================================
TEST SET EVALUATION
======================================================================

Threshold: 0.8
True Positives:  4112
False Positives: 17004
False Negatives: 2174
Precision:       0.194734
Recall:          0.654152
F1 Score:        0.300124
IoU:             0.176556
Dice:            0.300124

======================================================================
COMPARISON WITH LEVEL 1 BASELINE
======================================================================
Level 1 F1:      0.233100
APAU-Net F1:     0.300124
Improvement:     +28.75%
Status: [PASS] APAU-NET OUTPERFORMED LEVEL 1

Model saved to: C:\Users\Arpit\.openclaw\workspace\wildfire\wildfire-prediction\checkpoints\apau_net.pth
Results saved to: C:\Users\Arpit\.openclaw\workspace\wildfire\wildfire-prediction\results\apau_net_metrics.json

======================================================================
TRAINING COMPLETE!
======================================================================
